0 verbose cli /data/data/com.termux/files/usr/bin/node /data/data/com.termux/files/usr/bin/npm
1 info using npm@11.18.0
2 info using node@v26.3.1
3 silly config load:file:/data/data/com.termux/files/usr/lib/node_modules/npm/npmrc
4 silly config load:file:/data/data/com.termux/files/home/.npmrc
5 silly config load:file:/data/data/com.termux/files/usr/etc/npmrc
6 verbose title npm install ubuntu-make
7 verbose argv "install" "--global" "ubuntu-make"
8 verbose logfile logs-max:10 dir:/data/data/com.termux/files/home/.npm/_logs/2026-07-08T15_29_32_045Z-
9 verbose logfile /data/data/com.termux/files/home/.npm/_logs/2026-07-08T15_29_32_045Z-debug-0.log
10 silly packumentCache heap:2248146944 maxSize:562036736 maxEntrySize:281018368
11 silly logfile done cleaning log files
12 silly idealTree buildDeps
13 silly fetch manifest ubuntu-make@*
14 silly packumentCache full:https://registry.npmjs.org/ubuntu-make cache-miss
15 http fetch GET 200 https://registry.npmjs.org/npm 402ms
16 http fetch GET 404 https://registry.npmjs.org/ubuntu-make 497ms (cache skip)
17 silly placeDep ROOT ubuntu-make@ OK for:  want: *
18 verbose stack HttpErrorGeneral: 404 Not Found - GET https://registry.npmjs.org/ubuntu-make - Not found
18 verbose stack     at /data/data/com.termux/files/usr/lib/node_modules/npm/node_modules/npm-registry-fetch/lib/check-response.js:103:15
18 verbose stack     at process.processTicksAndRejections (node:internal/process/task_queues:104:5)
18 verbose stack     at async RegistryFetcher.packument (/data/data/com.termux/files/usr/lib/node_modules/npm/node_modules/pacote/lib/registry.js:90:19)
18 verbose stack     at async RegistryFetcher.manifest (/data/data/com.termux/files/usr/lib/node_modules/npm/node_modules/pacote/lib/registry.js:128:23)
18 verbose stack     at async #fetchManifest (/data/data/com.termux/files/usr/lib/node_modules/npm/node_modules/@npmcli/arborist/lib/arborist/build-ideal-tree.js:1346:20)
18 verbose stack     at async #nodeFromEdge (/data/data/com.termux/files/usr/lib/node_modules/npm/node_modules/@npmcli/arborist/lib/arborist/build-ideal-tree.js:1162:19)
18 verbose stack     at async #buildDepStep (/data/data/com.termux/files/usr/lib/node_modules/npm/node_modules/@npmcli/arborist/lib/arborist/build-ideal-tree.js:999:15)
18 verbose stack     at async Arborist.buildIdealTree (/data/data/com.termux/files/usr/lib/node_modules/npm/node_modules/@npmcli/arborist/lib/arborist/build-ideal-tree.js:180:7)
18 verbose stack     at async Arborist.reify (/data/data/com.termux/files/usr/lib/node_modules/npm/node_modules/@npmcli/arborist/lib/arborist/reify.js:118:5)
18 verbose stack     at async Install.exec (/data/data/com.termux/files/usr/lib/node_modules/npm/lib/commands/install.js:158:5)
19 verbose statusCode 404
20 verbose pkgid ubuntu-make@*
21 error code E404
22 error 404 Not Found - GET https://registry.npmjs.org/ubuntu-make - Not found
23 error 404
24 error 404  The requested resource 'ubuntu-make@*' could not be found or you do not have permission to access it.
25 error 404
26 error 404 Note that you can also install from a
27 error 404 tarball, folder, http url, or git url.
28 silly unfinished npm timer reify 1783524573218
29 silly unfinished npm timer reify:loadTrees 1783524573306
30 verbose cwd /data/data/com.termux/files/home
31 verbose os Linux 6.1.134-android14-11-o-g139c8c2a6b1b
32 verbose node v26.3.1
33 verbose npm  v11.18.0
34 verbose exit 1
35 verbose code 1
36 error A complete log of this run can be found in: /data/data/com.termux/files/home/.npm/_logs/2026-07-08T15_29_32_045Z-debug-0.log
